
C:\git>dir
 Volume in drive C is Windows
 Volume Serial Number is 4CC4-7A37

 Directory of C:\git

02.07.2022  18:34    <DIR>          .
02.07.2022  18:34    <DIR>          ..
02.07.2022  18:34    <DIR>          pfp_homework
               0 File(s)              0 bytes
               3 Dir(s)  438 776 225 792 bytes free

C:\git>cd pfp_homework

C:\git\pfp_homework>dir
 Volume in drive C is Windows
 Volume Serial Number is 4CC4-7A37

 Directory of C:\git\pfp_homework

02.07.2022  18:34    <DIR>          .
02.07.2022  18:34    <DIR>          ..
               0 File(s)              0 bytes
               2 Dir(s)  438 775 877 632 bytes free

C:\git\pfp_homework>md module_3

C:\git\pfp_homework>cd module_3

C:\git\pfp_homework\module_3>git init
Initialized empty Git repository in C:/git/pfp_homework/module_3/.git/

C:\git\pfp_homework\module_3>git status
On branch master

No commits yet

Untracked files:
  (use "git add <file>..." to include in what will be committed)
        step_2.txt

nothing added to commit but untracked files present (use "git add" to track)

C:\git\pfp_homework\module_3>git add step_2.txt

C:\git\pfp_homework\module_3>git status
On branch master

No commits yet

Changes to be committed:
  (use "git rm --cached <file>..." to unstage)
        new file:   step_2.txt

C:\git\pfp_homework\module_3>git commit -m "Step 2"
[master (root-commit) 8c07fca] Step 2
 1 file changed, 1 insertion(+)
 create mode 100644 step_2.txt

C:\git\pfp_homework\module_3>git branch -m main

C:\git\pfp_homework\module_3>git status
On branch main
nothing to commit, working tree clean

C:\git\pfp_homework\module_3>git remote add hub_m3 https://github.com/omozharovskyi/pfp_mod_3.git

C:\git\pfp_homework\module_3>git pull hub_m3
From https://github.com/omozharovskyi/pfp_mod_3
 * [new branch]      main       -> hub_m3/main
You asked to pull from the remote 'hub_m3', but did not specify
a branch. Because this is not the default configured remote
for your current branch, you must specify a branch on the command line.

C:\git\pfp_homework\module_3>git remote -v
hub_m3  https://github.com/omozharovskyi/pfp_mod_3.git (fetch)
hub_m3  https://github.com/omozharovskyi/pfp_mod_3.git (push)


C:\git\pfp_homework\module_3>git pull hub_m3 main --rebase
From https://github.com/omozharovskyi/pfp_mod_3
 * branch            main       -> FETCH_HEAD
Successfully rebased and updated refs/heads/main.

C:\git\pfp_homework\module_3>git status
On branch main
nothing to commit, working tree clean

C:\git\pfp_homework\module_3>git push  hub_m3
Enumerating objects: 4, done.
Counting objects: 100% (4/4), done.
Delta compression using up to 8 threads
Compressing objects: 100% (3/3), done.
Writing objects: 100% (3/3), 338 bytes | 338.00 KiB/s, done.
Total 3 (delta 0), reused 0 (delta 0), pack-reused 0
To https://github.com/omozharovskyi/pfp_mod_3.git
   9cdd289..e466b37  main -> main

C:\git\pfp_homework\module_3>git branch
* main

C:\git\pfp_homework\module_3>git checkout -b develop
Switched to a new branch 'develop'

C:\git\pfp_homework\module_3>git branch
* develop
  main

C:\git\pfp_homework\module_3>git checkout -b develop_child
Switched to a new branch 'develop_child'

C:\git\pfp_homework\module_3>git status
On branch develop_child
Changes not staged for commit:
  (use "git add <file>..." to update what will be committed)
  (use "git restore <file>..." to discard changes in working directory)
        modified:   step_2.txt

no changes added to commit (use "git add" and/or "git commit -a")

C:\git\pfp_homework\module_3>git add step_2.txt

C:\git\pfp_homework\module_3>git commit -m "Step 7"
[develop_child cfb36ce] Step 7
 1 file changed, 1 insertion(+)

C:\git\pfp_homework\module_3>git status
On branch develop_child
nothing to commit, working tree clean

C:\git\pfp_homework\module_3>git push  hub_m3
Enumerating objects: 5, done.
Counting objects: 100% (5/5), done.
Delta compression using up to 8 threads
Compressing objects: 100% (3/3), done.
Writing objects: 100% (3/3), 371 bytes | 371.00 KiB/s, done.
Total 3 (delta 0), reused 0 (delta 0), pack-reused 0
remote:
remote: Create a pull request for 'develop_child' on GitHub by visiting:
remote:      https://github.com/omozharovskyi/pfp_mod_3/pull/new/develop_child
remote:
To https://github.com/omozharovskyi/pfp_mod_3.git
 * [new branch]      develop_child -> develop_child

C:\git\pfp_homework\module_3>cd ../

C:\git\pfp_homework>mkdir module_3_2

C:\git\pfp_homework>cd module_3_2

C:\git\pfp_homework\module_3_2>git clone https://github.com/omozharovskyi/pfp_mod_3.git
Cloning into 'pfp_mod_3'...
remote: Enumerating objects: 9, done.
remote: Counting objects: 100% (9/9), done.
remote: Compressing objects: 100% (8/8), done.
remote: Total 9 (delta 0), reused 6 (delta 0), pack-reused 0
Receiving objects: 100% (9/9), done.

C:\git\pfp_homework\module_3_2>git status
fatal: not a git repository (or any of the parent directories): .git

C:\git\pfp_homework\module_3_2>dir
 Volume in drive C is Windows
 Volume Serial Number is 4CC4-7A37

 Directory of C:\git\pfp_homework\module_3_2

02.07.2022  21:17    <DIR>          .
02.07.2022  21:17    <DIR>          ..
02.07.2022  21:17    <DIR>          pfp_mod_3
               0 File(s)              0 bytes
               3 Dir(s)  438 332 321 792 bytes free

C:\git\pfp_homework\module_3_2>cd pfp_mod_3

C:\git\pfp_homework\module_3_2\pfp_mod_3>git status
On branch main
Your branch is up to date with 'origin/main'.

nothing to commit, working tree clean

C:\git\pfp_homework\module_3_2\pfp_mod_3>git branch
* main


C:\git\pfp_homework\module_3_2\pfp_mod_3>git remote
hw_m3
origin

C:\git\pfp_homework\module_3_2\pfp_mod_3>git remote -v
hw_m3   https://github.com/omozharovskyi/pfp_mod_3.git (fetch)
hw_m3   https://github.com/omozharovskyi/pfp_mod_3.git (push)
origin  https://github.com/omozharovskyi/pfp_mod_3.git (fetch)
origin  https://github.com/omozharovskyi/pfp_mod_3.git (push)

C:\git\pfp_homework\module_3_2\pfp_mod_3>git remote remove origin

C:\git\pfp_homework\module_3_2\pfp_mod_3>git remote -v
hw_m3   https://github.com/omozharovskyi/pfp_mod_3.git (fetch)
hw_m3   https://github.com/omozharovskyi/pfp_mod_3.git (push)

C:\git\pfp_homework\module_3_2\pfp_mod_3>git fetch

C:\git\pfp_homework\module_3_2\pfp_mod_3>git branch
* develop
  develop_child
  main

C:\git\pfp_homework\module_3_2\pfp_mod_3>git checkout -b develop_child2
Switched to a new branch 'develop_child2'

C:\git\pfp_homework\module_3_2\pfp_mod_3>git status
On branch develop_child2
Changes not staged for commit:
  (use "git add <file>..." to update what will be committed)
  (use "git restore <file>..." to discard changes in working directory)
        modified:   step_2.txt

no changes added to commit (use "git add" and/or "git commit -a")

C:\git\pfp_homework\module_3_2\pfp_mod_3>git add step_2.txt

C:\git\pfp_homework\module_3_2\pfp_mod_3>git commit -m "Step 10"
[develop_child2 2665f7b] Step 10
 1 file changed, 1 insertion(+)


C:\git\pfp_homework\module_3_2\pfp_mod_3>git push hw_m3
Enumerating objects: 5, done.
Counting objects: 100% (5/5), done.
Delta compression using up to 8 threads
Compressing objects: 100% (3/3), done.
Writing objects: 100% (3/3), 392 bytes | 392.00 KiB/s, done.
Total 3 (delta 0), reused 0 (delta 0), pack-reused 0
remote:
remote: Create a pull request for 'develop_child2' on GitHub by visiting:
remote:      https://github.com/omozharovskyi/pfp_mod_3/pull/new/develop_child2
remote:
To https://github.com/omozharovskyi/pfp_mod_3.git
 * [new branch]      develop_child2 -> develop_child2

C:\git\pfp_homework\module_3_2\pfp_mod_3>git checkout develop
Switched to branch 'develop'
Your branch is up to date with 'hw_m3/develop'.

C:\git\pfp_homework\module_3_2\pfp_mod_3>git branches
git: 'branches' is not a git command. See 'git --help'.

C:\git\pfp_homework\module_3_2\pfp_mod_3>git branch
* develop
  develop_child
  develop_child2
  main

C:\git\pfp_homework\module_3_2\pfp_mod_3>git merge develop_child --commit
Updating e466b37..cfb36ce
Fast-forward
 step_2.txt | 1 +
 1 file changed, 1 insertion(+)

C:\git\pfp_homework\module_3_2\pfp_mod_3>git status
On branch develop
Your branch is ahead of 'hw_m3/develop' by 1 commit.
  (use "git push" to publish your local commits)

nothing to commit, working tree clean

C:\git\pfp_homework\module_3_2\pfp_mod_3>git push hw_m3
Total 0 (delta 0), reused 0 (delta 0), pack-reused 0
To https://github.com/omozharovskyi/pfp_mod_3.git
   e466b37..cfb36ce  develop -> develop

C:\git\pfp_homework\module_3_2\pfp_mod_3>git branch
* develop
  develop_child
  develop_child2
  main

C:\git\pfp_homework\module_3_2\pfp_mod_3>git merge develop_child2
Auto-merging step_2.txt
CONFLICT (content): Merge conflict in step_2.txt
Automatic merge failed; fix conflicts and then commit the result.

C:\git\pfp_homework\module_3_2\pfp_mod_3>
C:\git\pfp_homework\module_3_2\pfp_mod_3>git merge develop_child2
error: Merging is not possible because you have unmerged files.
hint: Fix them up in the work tree, and then use 'git add/rm <file>'
hint: as appropriate to mark resolution and make a commit.
fatal: Exiting because of an unresolved conflict.

C:\git\pfp_homework\module_3_2\pfp_mod_3>git add step_2.txt

C:\git\pfp_homework\module_3_2\pfp_mod_3>git commit
hint: Waiting for your editor to close the file... unix2dos: converting file C:/git/pfp_homework/module_3_2/pfp_mod_3/.git/COMMIT_EDITMSG to DOS format...
dos2unix: converting file C:/git/pfp_homework/module_3_2/pfp_mod_3/.git/COMMIT_EDITMSG to Unix format...
[develop f6974dd] Merge branch 'develop_child2' into develop after fixing merge conflict

C:\git\pfp_homework\module_3_2\pfp_mod_3>git branch
* develop
  develop_child
  develop_child2
  main

C:\git\pfp_homework\module_3_2\pfp_mod_3>git status
On branch develop
Your branch is ahead of 'hw_m3/develop' by 2 commits.
  (use "git push" to publish your local commits)

nothing to commit, working tree clean

C:\git\pfp_homework\module_3_2\pfp_mod_3>git push hw_m3
Enumerating objects: 7, done.
Counting objects: 100% (7/7), done.
Delta compression using up to 8 threads
Compressing objects: 100% (3/3), done.
Writing objects: 100% (3/3), 443 bytes | 443.00 KiB/s, done.
Total 3 (delta 1), reused 0 (delta 0), pack-reused 0
remote: Resolving deltas: 100% (1/1), completed with 1 local object.
To https://github.com/omozharovskyi/pfp_mod_3.git
   cfb36ce..f6974dd  develop -> develop

C:\git\pfp_homework\module_3_2\pfp_mod_3>git log
commit f6974dd04bd87d38a1b4f4fda5dbec79b0898c43 (HEAD -> develop, hw_m3/develop)
Merge: cfb36ce 2665f7b
Author: Oleg Mozharovskyi <Oleg_Mozharovskyi@epam.com>
Date:   Sat Jul 2 23:02:17 2022 +0200

    Merge branch 'develop_child2' into develop after fixing merge conflict

commit 2665f7be9119cab155574ee75f5148402877e8e3 (hw_m3/develop_child2, develop_child2)
Author: Oleg Mozharovskyi <Oleg_Mozharovskyi@epam.com>
Date:   Sat Jul 2 21:56:02 2022 +0200

    Step 10

commit cfb36cef16801e60ba4a39520a64a1dd515b115e (hw_m3/develop_child, develop_child)
Author: Oleg Mozharovskyi <Oleg_Mozharovskyi@epam.com>
Date:   Sat Jul 2 18:59:46 2022 +0200

    Step 7

commit e466b379a0757322719a5eaf0e6de8966214d5ba (hw_m3/main, hw_m3/HEAD, main)
Author: Oleg Mozharovskyi <Oleg_Mozharovskyi@epam.com>
Date:   Sat Jul 2 18:38:12 2022 +0200

    Step 2

commit 9cdd2894ad976edf98d0df437c20bf3e89133600
Author: omozharovskyi <108497282+omozharovskyi@users.noreply.github.com>
Date:   Sat Jul 2 18:16:50 2022 +0200

    Initial commit

C:\git\pfp_homework\module_3_2\pfp_mod_3>